<?xml version="1.0" encoding="utf-8"?>
<nodeList xmlns:its="http://www.w3.org/2005/11/its"
          xmlns:datc="http://example.com/datacats">
   <nodeList datacat="disambiguation">
      <node path="/html" outputType="no-value">
         <output/>
      </node>
      <node path="/html/@lang" outputType="no-value">
         <output/>
      </node>
      <node path="/html/head[1]" outputType="no-value">
         <output/>
      </node>
      <node path="/html/head[1]/link[1]" outputType="no-value">
         <output/>
      </node>
      <node path="/html/head[1]/link[1]/@href" outputType="no-value">
         <output/>
      </node>
      <node path="/html/head[1]/link[1]/@rel" outputType="no-value">
         <output/>
      </node>
      <node path="/html/head[1]/meta[1]" outputType="no-value">
         <output/>
      </node>
      <node path="/html/head[1]/meta[1]/@charset" outputType="no-value">
         <output/>
      </node>
      <node path="/html/head[1]/title[1]" outputType="no-value">
         <output/>
      </node>
      <node path="/html/body[1]" outputType="no-value">
         <output/>
      </node>
      <node path="/html/body[1]/p[1]" outputType="no-value">
         <output/>
      </node>
      <node path="/html/body[1]/p[1]/span[1]" outputType="new-value-global">
         <output entityTypeSourceRef="http:/nerd.eurecom.fr/ontology"/>
      </node>
      <node path="/html/body[1]/p[1]/span[1]/@id" outputType="inherited">
         <output entityTypeSourceRef="http:/nerd.eurecom.fr/ontology"/>
      </node>
      <node path="/html/body[1]/p[1]/span[2]" outputType="new-value-global">
         <output disambigType="lexicalConcept"/>
      </node>
      <node path="/html/body[1]/p[1]/span[2]/@id" outputType="no-value">
         <output/>
      </node>
   </nodeList>
</nodeList>
