/book	
/book/info[1]	
/book/info[1]/legalnotice[1]	its:localeFilterList="en-CA, fr-CA"	
/book/info[1]/legalnotice[1]/@its:localeFilterList	its:localeFilterList="en-CA, fr-CA"	
/book/info[1]/legalnotice[1]/para[1]	its:localeFilterList="en-CA, fr-CA"	
