/book	
/book/@its:version	
/book/info[1]	
/book/info[1]/its:rules[1]	
/book/info[1]/its:rules[1]/@version	
/book/info[1]/its:rules[1]/@xlink:type	
/book/info[1]/its:rules[1]/@xlink:href	
/book/info[1]/its:rules[2]	
/book/info[1]/its:rules[2]/@version	
/book/info[1]/its:rules[2]/its:localeFilterRule[1]	
/book/info[1]/its:rules[2]/its:localeFilterRule[1]/@selector	
/book/info[1]/its:rules[2]/its:localeFilterRule[1]/@localeFilterList	
/book/info[1]/legalnotice[1]	localeFilterList="en-CA, fr-CA"	
/book/info[1]/legalnotice[1]/@role	localeFilterList="en-CA, fr-CA"	
/book/info[1]/legalnotice[1]/para[1]	localeFilterList="en-CA, fr-CA"	
/book/info[1]/legalnotice[2]	localeFilterList="de-DE"	
/book/info[1]/legalnotice[2]/@role	localeFilterList="de-DE"	
/book/info[1]/legalnotice[2]/para[1]	localeFilterList="de-DE"	
