/text	its:term="no"	
/text/its:rules[1]	its:term="no"	
/text/its:rules[1]/@version	its:term="no"	
/text/its:rules[1]/its:termRule[1]	its:term="no"	
/text/its:rules[1]/its:termRule[1]/@selector	its:term="no"	
/text/its:rules[1]/its:termRule[1]/@term	its:term="no"	
/text/its:rules[1]/its:termRule[1]/@termInfoRef	its:term="no"	
/text/p[1]	its:term="no"	
/text/p[1]/term[1]	term="yes"	termInfoRef="#TDPV"	
/text/p[1]/gloss[1]	its:term="no"	
/text/p[1]/gloss[1]/@xml:id	its:term="no"	

