/doc	
/doc/its:rules[1]	
/doc/its:rules[1]/@version	
/doc/its:rules[1]/@xlink:type	
/doc/its:rules[1]/@xlink:href	
/doc/its:rules[2]	
/doc/its:rules[2]/@version	
/doc/its:rules[2]/its:externalResourceRefRule[1]	
/doc/its:rules[2]/its:externalResourceRefRule[1]/@selector	
/doc/its:rules[2]/its:externalResourceRefRule[1]/@externalResourceRefPointer	
/doc/dbk:mediaobject[1]	
/doc/dbk:mediaobject[1]/dbk:videoobject[1]	
/doc/dbk:mediaobject[1]/dbk:videoobject[1]/dbk:videodata[1]	externalResourceRefPointer=""	fileref="movie.avi"	
/doc/dbk:mediaobject[1]/dbk:videoobject[1]/dbk:videodata[1]/@fileref	externalResourceRefPointer=""	fileref="movie.avi"	
/doc/dbk:mediaobject[1]/dbk:audioobject[1]	
/doc/dbk:mediaobject[1]/dbk:audioobject[1]/dbk:audiodata[1]	externalResourceRefPointer=""	fileref="movie.mp3"	
/doc/dbk:mediaobject[1]/dbk:audioobject[1]/dbk:audiodata[1]/@fileref	externalResourceRefPointer=""	fileref="movie.mp3"	
/doc/dbk:mediaobject[1]/dbk:imageobject[1]	
/doc/dbk:mediaobject[1]/dbk:imageobject[1]/dbk:imagedata[1]	externalResourceRefPointer=""	fileref="movie-frame.gif"	
/doc/dbk:mediaobject[1]/dbk:imageobject[1]/dbk:imagedata[1]/@fileref	externalResourceRefPointer=""	fileref="movie-frame.gif"	
/doc/dbk:mediaobject[1]/dbk:textobject[1]	
/doc/dbk:mediaobject[1]/dbk:textobject[1]/dbk:para[1]	
/doc/dbk:mediaobject[1]/dbk:textobject[1]/dbk:warning[1]	
/doc/dbk:mediaobject[1]/dbk:textobject[1]/dbk:warning[1]/dbk:para[1]	
