/doc
/doc/its:rules[1]
/doc/its:rules[1]/@version
/doc/its:rules[1]/its:param[1]
/doc/its:rules[1]/its:param[1]/@name
/doc/its:rules[1]/its:locQualityPrecisRule[1]
/doc/its:rules[1]/its:locQualityPrecisRule[1]/@locQualityPrecisProfileRef
/doc/its:rules[1]/its:locQualityPrecisRule[1]/@locQualityPrecisScore
/doc/its:rules[1]/its:locQualityPrecisRule[1]/@locQualityPrecisThreshold
/doc/its:rules[1]/its:locQualityPrecisRule[1]/@selector
/doc/section[1]	locQualityPrecisProfileRef="http://example.org/qaModel/v13"	locQualityPrecisScore="80"	locQualityPrecisThreshold="95"
/doc/section[1]/@author
/doc/section[1]/title[1]	locQualityPrecisProfileRef="http://example.org/qaModel/v13"	locQualityPrecisScore="80"	locQualityPrecisThreshold="95"
/doc/section[1]/para[1]	locQualityPrecisProfileRef="http://example.org/qaModel/v13"	locQualityPrecisScore="80"	locQualityPrecisThreshold="95"
/doc/section[2]
/doc/section[2]/@author
/doc/section[2]/title[1]
/doc/section[2]/para[1]
