/doc	locQualityPrecisProfileRef="http://example.org/qaModel/v13"	locQualityPrecisScore="locQualityPrecisThreshold="10"
/doc/header[1]	locQualityPrecisProfileRef="http://example.org/qaModel/v13"	locQualityPrecisScore="locQualityPrecisThreshold="10"
/doc/header[1]/@passingResult
/doc/header[1]/@qaProfile
/doc/header[1]/@score
/doc/header[1]/title[1]	locQualityPrecisProfileRef="http://example.org/qaModel/v13"	locQualityPrecisScore="locQualityPrecisThreshold="10"
/doc/header[1]/its:rules[1]	locQualityPrecisProfileRef="http://example.org/qaModel/v13"	locQualityPrecisScore="locQualityPrecisThreshold="10"
/doc/header[1]/its:rules[1]/@version
/doc/header[1]/its:rules[1]/its:locQualityPrecisRule[1]	locQualityPrecisProfileRef="http://example.org/qaModel/v13"	locQualityPrecisScore="locQualityPrecisThreshold="10"
/doc/header[1]/its:rules[1]/its:locQualityPrecisRule[1]/@locQualityPrecisProfileRef
/doc/header[1]/its:rules[1]/its:locQualityPrecisRule[1]/@locQualityPrecisScore
/doc/header[1]/its:rules[1]/its:locQualityPrecisRule[1]/@locQualityPrecisThreshold
/doc/header[1]/its:rules[1]/its:locQualityPrecisRule[1]/@selector
/doc/para[1]	locQualityPrecisProfileRef="http://example.org/qaModel/v13"	locQualityPrecisScore="locQualityPrecisThreshold="10"
