/doc	locQualityPrecisProfileRef="http://example.org/qaModel/v13"	locQualityPrecisThreshold="10"	locQualityPrecisVote="-1"
/doc/header[1]	locQualityPrecisProfileRef="http://example.org/qaModel/v13"	locQualityPrecisThreshold="10"	locQualityPrecisVote="-1"
/doc/header[1]/@passingResult
/doc/header[1]/@qaProfile
/doc/header[1]/@votes
/doc/header[1]/title[1]	locQualityPrecisProfileRef="http://example.org/qaModel/v13"	locQualityPrecisThreshold="10"	locQualityPrecisVote="-1"
/doc/header[1]/its:rules[1]	locQualityPrecisProfileRef="http://example.org/qaModel/v13"	locQualityPrecisThreshold="10"	locQualityPrecisVote="-1"
/doc/header[1]/its:rules[1]/@version
/doc/header[1]/its:rules[1]/its:locQualityPrecisRule[1]	locQualityPrecisProfileRef="http://example.org/qaModel/v13"	locQualityPrecisThreshold="10"	locQualityPrecisVote="-1"
/doc/header[1]/its:rules[1]/its:locQualityPrecisRule[1]/@locQualityPrecisProfileRef
/doc/header[1]/its:rules[1]/its:locQualityPrecisRule[1]/@locQualityPrecisThreshold
/doc/header[1]/its:rules[1]/its:locQualityPrecisRule[1]/@locQualityPrecisVote
/doc/header[1]/its:rules[1]/its:locQualityPrecisRule[1]/@selector
/doc/para[1]	locQualityPrecisProfileRef="http://example.org/qaModel/v13"	locQualityPrecisThreshold="10"	locQualityPrecisVote="-1"
