/html	locQualityPrecisProfileRef="http://example.org/qamodel/v13"	locQualityPrecisScore="100"	locQualityPrecisThreshold="95"
/html/@its-loc-quality-precis-profile-ref
/html/@its-loc-quality-precis-score
/html/@its-loc-quality-precis-threshold
/html/@lang
/html/head[1]	locQualityPrecisProfileRef="http://example.org/qamodel/v13"	locQualityPrecisScore="100"	locQualityPrecisThreshold="95"
/html/head[1]/meta[1]	locQualityPrecisProfileRef="http://example.org/qamodel/v13"	locQualityPrecisScore="100"	locQualityPrecisThreshold="95"
/html/head[1]/meta[1]/@charset
/html/head[1]/title[1]	locQualityPrecisProfileRef="http://example.org/qamodel/v13"	locQualityPrecisScore="100"	locQualityPrecisThreshold="95"
/html/body[1]	locQualityPrecisProfileRef="http://example.org/qamodel/v13"	locQualityPrecisScore="100"	locQualityPrecisThreshold="95"
/html/body[1]/p[1]	locQualityPrecisProfileRef="http://example.org/qamodel/v13"	locQualityPrecisScore="100"	locQualityPrecisThreshold="95"
