/html	locQualityPrecisProfileRef="http://example.org/qaModel/v13"	locQualityPrecisScore="100"	locQualityPrecisThreshold="95"
/html/@lang
/html/head[1]	locQualityPrecisProfileRef="http://example.org/qaModel/v13"	locQualityPrecisScore="100"	locQualityPrecisThreshold="95"
/html/head[1]/meta[1]	locQualityPrecisProfileRef="http://example.org/qaModel/v13"	locQualityPrecisScore="100"	locQualityPrecisThreshold="95"
/html/head[1]/meta[1]/@charset
/html/head[1]/title[1]	locQualityPrecisProfileRef="http://example.org/qaModel/v13"	locQualityPrecisScore="100"	locQualityPrecisThreshold="95"
/html/head[1]/link[1]	locQualityPrecisProfileRef="http://example.org/qaModel/v13"	locQualityPrecisScore="100"	locQualityPrecisThreshold="95"
/html/head[1]/link[1]/@href
/html/head[1]/link[1]/@rel
/html/body[1]	locQualityPrecisProfileRef="http://example.org/qaModel/v13"	locQualityPrecisScore="100"	locQualityPrecisThreshold="95"
/html/body[1]/p[1]	locQualityPrecisProfileRef="http://example.org/qaModel/v13"	locQualityPrecisScore="100"	locQualityPrecisThreshold="95"
