/html
/html/head[1]
/html/head[1]/meta[1]
/html/head[1]/meta[1]/@charset
/html/head[1]/link[1]
/html/head[1]/link[1]/@href
/html/head[1]/link[1]/@rel
/html/head[1]/title[1]
/html/body[1]
/html/body[1]/p[1]
/html/body[1]/p[1]/@id
/html/body[1]/p[1]/img[1]
/html/body[1]/p[1]/img[1]/@alt	its:locNote="Do not translate the word &quot;Chobe&quot;"	its:locNoteType="alert"
/html/body[1]/p[1]/img[1]/@src
/html/body[1]/p[2]
/html/body[1]/p[2]/@id
/html/body[1]/p[2]/img[1]
/html/body[1]/p[2]/img[1]/@alt	its:locNote="This text will be displayed over the image."	its:locNoteType="description"
/html/body[1]/p[2]/img[1]/@src
/html/body[1]/p[3]	its:locNote="\nThe variable {0} has three possible values: 'printer', 'stacker' and 'stapler options'.\n"	its:locNoteType="alert"
/html/body[1]/p[3]/@id
