/html	translate="no"	
/html/head[1]	translate="no"
/html/head[1]/meta[1]	translate="no"
/html/head[1]/meta[1]/@charset	translate="no"
/html/head[1]/title[1]	translate="no"	
/html/body[1]	translate="no"	
/html/body[1]/span[1]	translate="yes"	
/html/body[1]/span[1]/@translate	its:translate="no"	
/html/body[1]/section[1]	translate="no"	
/html/body[1]/section[1]/p[1]	translate="yes"	
/html/body[1]/section[1]/p[1]/span[1]	translate="yes"	
/html/body[1]/section[1]/p[1]/span[2]	translate="yes"	

