/html	its:term="no"	
/html/head[1]	its:term="no"	
/html/head[1]/link[1]	its:term="no"	
/html/head[1]/link[1]/@href	its:term="no"	
/html/head[1]/link[1]/@rel	its:term="no"	
/html/head[1]/title[1]	its:term="no"	
/html/body[1]	its:term="no"	
/html/body[1]/p[1]	its:term="no"	
/html/body[1]/p[1]/a[1]	term="yes"	termInfoRef="#TDPV"	
/html/body[1]/p[1]/cite[1]	its:term="no"	
/html/body[1]/p[1]/cite[1]/@id	its:term="no"	

