/book	its:localeFilterList="*"
/book/@its:version	its:localeFilterList="*"
/book/info[1]	its:localeFilterList="*"
/book/info[1]/its:rules[1]	its:localeFilterList="*"
/book/info[1]/its:rules[1]/@version	its:localeFilterList="*"
/book/info[1]/its:rules[1]/its:localeFilterRule[1]	its:localeFilterList="*"
/book/info[1]/its:rules[1]/its:localeFilterRule[1]/@localeFilterList	its:localeFilterList="*"
/book/info[1]/its:rules[1]/its:localeFilterRule[1]/@selector	its:localeFilterList="*"
/book/info[1]/its:rules[1]/its:localeFilterRule[2]	its:localeFilterList="*"
/book/info[1]/its:rules[1]/its:localeFilterRule[2]/@localeFilterList	its:localeFilterList="*"
/book/info[1]/its:rules[1]/its:localeFilterRule[2]/@selector	its:localeFilterList="*"
/book/info[1]/its:rules[1]/its:localeFilterRule[3]	its:localeFilterList="*"
/book/info[1]/its:rules[1]/its:localeFilterRule[3]/@localeFilterList	its:localeFilterList="*"
/book/info[1]/its:rules[1]/its:localeFilterRule[3]/@selector	its:localeFilterList="*"
/book/info[1]/legalnotice[1]	its:localeFilterList="en-CA, fr-CA"
/book/info[1]/legalnotice[1]/@role	its:localeFilterList="en-CA, fr-CA"
/book/info[1]/legalnotice[1]/para[1]	its:localeFilterList="en-CA, fr-CA"
/book/info[1]/legalnotice[2]	its:localeFilterList="*-CH"
/book/info[1]/legalnotice[2]/@role	its:localeFilterList="*-CH"
/book/info[1]/legalnotice[2]/para[1]	its:localeFilterList="*-CH"
/book/info[1]/remark[1]	its:localeFilterList=""
