/html	its:withinText="no"	
/html/@lang	
/html/head[1]	its:withinText="no"	
/html/head[1]/meta[1]	its:withinText="no"	
/html/head[1]/meta[1]/@charset	
/html/head[1]/title[1]	its:withinText="no"	
/html/body[1]	its:withinText="no"	
/html/body[1]/p[1]	its:withinText="no"	
/html/body[1]/p[1]/span[1]	withinText="yes"	
/html/body[1]/p[1]/span[1]/@its-within-text	

