/topic	its:translate="no"	
/topic/@id	its:translate="no"	
/topic/title[1]	its:translate="no"	
/topic/prolog[1]	its:translate="no"	
/topic/prolog[1]/its:rules[1]	its:translate="no"	
/topic/prolog[1]/its:rules[1]/@version	its:translate="no"	
/topic/prolog[1]/its:rules[1]/its:translateRule[1]	its:translate="no"	
/topic/prolog[1]/its:rules[1]/its:translateRule[1]/@selector	its:translate="no"	
/topic/prolog[1]/its:rules[1]/its:translateRule[1]/@translate	its:translate="no"	
/topic/prolog[1]/its:rules[1]/its:translateRule[2]	its:translate="no"	
/topic/prolog[1]/its:rules[1]/its:translateRule[2]/@selector	its:translate="no"	
/topic/prolog[1]/its:rules[1]/its:translateRule[2]/@translate	its:translate="no"	
/topic/body[1]	its:translate="no"	
/topic/body[1]/dl[1]	its:translate="no"	
/topic/body[1]/dl[1]/dlentry[1]	its:translate="no"	
/topic/body[1]/dl[1]/dlentry[1]/@id	its:translate="no"	
/topic/body[1]/dl[1]/dlentry[1]/dt[1]	its:translate="no"	
/topic/body[1]/dl[1]/dlentry[1]/dd[1]	its:translate="no"	
/topic/body[1]/dl[1]/dlentry[1]/dd[1]/term[1]	its:translate="no"	
/topic/body[1]/p[1]	its:translate="yes"	
/topic/body[1]/ul[1]	its:translate="no"	
/topic/body[1]/ul[1]/li[1]	its:translate="no"	
/topic/body[1]/ul[1]/li[2]	its:translate="no"	
/topic/body[1]/ul[1]/li[3]	its:translate="no"	
/topic/body[1]/ul[1]/li[4]	its:translate="no"	
/topic/body[1]/p[2]	its:translate="yes"	
/topic/body[1]/p[2]/ph[1]	its:translate="no"	
/topic/body[1]/p[2]/ph[1]/@xml:lang	its:translate="no"
