/myDoc	its:translate="yes"
/myDoc/head[1]	its:translate="no"
/myDoc/head[1]/its:rules[1]	its:translate="no"
/myDoc/head[1]/its:rules[1]/@version	its:translate="no"
/myDoc/head[1]/its:rules[1]/@xlink:href	its:translate="no"
/myDoc/head[1]/its:rules[1]/@xlink:type	its:translate="no"
/myDoc/head[1]/its:rules[1]/its:translateRule[1]	its:translate="no"
/myDoc/head[1]/its:rules[1]/its:translateRule[1]/@selector	its:translate="no"
/myDoc/head[1]/its:rules[1]/its:translateRule[1]/@translate	its:translate="no"
/myDoc/body[1]	its:translate="yes"
/myDoc/body[1]/par[1]	its:translate="yes"
/myDoc/body[1]/par[1]/@id	its:translate="no"
/myDoc/body[1]/par[1]/@title	its:translate="yes"
/myDoc/body[1]/par[1]/code[1]	its:translate="no"
/myDoc/par[2]	its:translate="yes"
/myDoc/par[2]/@id	its:translate="no"
/myDoc/par[2]/@title	its:translate="no"
