/topic	its:translate="no"
/topic/@id	its:translate="no"
/topic/title[1]	its:translate="no"
/prolog[1]	its:translate="no"
/prolog[1]/its:rules[1]	its:translate="no"
/prolog[1]/its:rules[1]/@version	its:translate="no"
/prolog[1]/its:rules[1]/its:translateRule[1]	its:translate="no"
/prolog[1]/its:rules[1]/its:translateRule[1]/@selector	its:translate="no"
/prolog[1]/its:rules[1]/its:translateRule[1]/@translate	its:translate="no"
/prolog[1]/its:rules[1]/its:translateRule[2]	its:translate="no"
/prolog[1]/its:rules[1]/its:translateRule[2]/@selector	its:translate="no"
/prolog[1]/its:rules[1]/its:translateRule[2]/@translate	its:translate="no"
/body[1]	its:translate="no"
/body[1]/dl[1]	its:translate="no"
/body[1]/dl[1]/dlentry[1]	its:translate="no"
/body[1]/dl[1]/dlentry[1]/@id	its:translate="no"
/body[1]/dl[1]/dlentry[1]/dt[1]	its:translate="no"
/body[1]/dl[1]/dd[1]	its:translate="no"
/body[1]/dl[1]/dd[1]/term[1]	its:translate="no"
/p[1]	its:translate="yes"
/ul[1]	its:translate="no"
/ul[1]/li[1]	its:translate="no"
/li[2]	its:translate="no"
/li[2]	its:translate="no"
/li[2]	its:translate="no"
/p[1]	its:translate="yes"
/p[1]/ph[1]	its:translate="no"
/p[1]/ph[1]/@xml:lang	its:translate="no"
