/html	
/html/head[1]	
/html/head[1]/title[1]	
/html/head[1]/link[1]	
/html/head[1]/link[1]/@href	
/html/head[1]/link[1]/@rel	
/html/body[1]	
/html/body[1]/p[1]	
/html/body[1]/p[1]/@id	
/html/body[1]/p[1]/b[1]	idValue="concat(../@id, '_t')"	
/html/body[1]/p[1]/b[1]/@id	
/html/body[1]/p[1]/var[1]	idValue="concat(../@id, '_d')"	
/html/body[1]/p[1]/var[1]/@id	
