/msgList		
/msgList/@xml:space		
/msgList/@its:version		
/msgList/data[1]	its:locNote="Keep the leading space!"	its:locNoteType="alert"	
/msgList/data[1]/@name		
/msgList/data[1]/@its:locNote		
/msgList/data[1]/@its:locNoteType		
/msgList/data[1]/value[1]	its:locNote="Keep the leading space!"	its:locNoteType="alert"	
/msgList/data[2]	its:locNote="%1\$s is the original text's date in the format YYYY-MM-DD HH:MM always in GMT"	
/msgList/data[2]/@its:locNote	
/msgList/data[2]/value[1]	its:locNote="%1\$s is the original text's date in the format YYYY-MM-DD HH:MM always in GMT"	
/msgList/data[2]/value[1]/span[1]	its:locNote="%1\$s is the original text's date in the format YYYY-MM-DD HH:MM always in GMT"	
/msgList/data[2]/value[1]/span[1]/@id

