/dataFile
/dataFile/prolog[1]
/dataFile/prolog[1]/its:rules[1]
/dataFile/prolog[1]/its:rules[1]/@version
/dataFile/prolog[1]/its:rules[1]/its:locNoteRule[1]
/dataFile/prolog[1]/its:rules[1]/its:locNoteRule[1]/@locNoteRefPointer
/dataFile/prolog[1]/its:rules[1]/its:locNoteRule[1]/@locNoteType
/dataFile/prolog[1]/its:rules[1]/its:locNoteRule[1]/@selector
/dataFile/body[1]
/dataFile/body[1]/string[1]
/dataFile/body[1]/string[1]/@id
/dataFile/body[1]/string[1]/@noteFile
/dataFile/body[1]/string[1]/data[1]	its:locNote="REF:Comments.html#FileNotFound"	its:locNoteType="description"
/dataFile/body[1]/string[2]
/dataFile/body[1]/string[2]/@id
/dataFile/body[1]/string[2]/@noteFile
/dataFile/body[1]/string[2]/data[1]	its:locNote="REF:Comments.html#DivByZero"	its:locNoteType="description"
