/Doc
/Doc/@its:version
/Doc/body[1]
/Doc/body[1]/p[1]
/Doc/body[1]/p[1]/its:span[1]	its:locNote="If possible keep the non-English terms in the translated version too"	its:locNoteType="description"
/Doc/body[1]/p[1]/its:span[1]/@locNote
/Doc/body[1]/p[1]/its:span[1]/its:span[1]	its:locNote=""	its:locNoteType="description"
/Doc/body[1]/p[1]/its:span[1]/its:span[1]/@locNoteRef
/Doc/body[1]/p[1]/its:span[1]/b[1]	its:locNote="If possible keep the non-English terms in the translated version too"	its:locNoteType="description"
/Doc/body[1]/p[1]/its:span[1]/its:span[1]	its:locNote=""	its:locNoteType="description"
/Doc/body[1]/p[1]/its:span[1]/its:span[1]/@locNoteRef
