/text
/text/head[1]
/text/head[1]/its:rules[1]
/text/head[1]/its:rules[1]/@version
/text/head[1]/its:rules[1]/@xlink:href
/text/head[1]/its:rules[1]/its:rubyRule[1]
/text/head[1]/its:rules[1]/its:rubyRule[1]/@selector
/text/head[1]/its:rules[1]/its:rubyRule[1]/its:rubyText[1]
/text/body[1]
/text/body[1]/img[1]
/text/body[1]/img[1]/@alt	rubyText="TBD"
/text/body[1]/img[1]/@src
