/html
/html/@lang
/html/head[1]
/html/head[1]/meta[1]
/html/head[1]/meta[1]/@charset
/html/head[1]/title[1]
/html/body[1]
/html/body[1]/p[1]	org="acmeCatV2.3"	personRef="http://www.provdata.com/person/#john_doe"	provRef="http://www.examplelsp.com/excontent987/production/prov/e6354"	revOrg="acmeCatV2.3"	revToolRef="http://www.mycat.com/v1.0/download"	toolRef="http://www.onlinemtex.com/2012/7/25/wsdl/"
/html/body[1]/p[1]/@id
/html/body[1]/p[1]/@its-org
/html/body[1]/p[1]/@its-person-ref
/html/body[1]/p[1]/@its-prov-ref
/html/body[1]/p[1]/@its-rev-org
/html/body[1]/p[1]/@its-rev-tool-ref
/html/body[1]/p[1]/@its-tool-ref
/html/body[1]/p[2]	orgRef="http://www.legaltransEx.com/"	person="john doe"	provRef="http://www.vistatec.com/job12715X31/reviewed/prov/re8573469"	revOrgRef="http://www.vistatec.com/"	revPerson="tommy atkins"	tool="onlinemtex"
/html/body[1]/p[2]/@class
/html/body[1]/p[2]/@its-org-ref
/html/body[1]/p[2]/@its-person
/html/body[1]/p[2]/@its-prov-ref
/html/body[1]/p[2]/@its-rev-org-ref
/html/body[1]/p[2]/@its-rev-person
/html/body[1]/p[2]/@its-tool
